
> frontend@0.1.0 build
> next build

▲ Next.js 16.1.1 (Turbopack)
- Environments: .env.local, .env.production

  Creating an optimized production build ...
node.exe : 
En línea: 1 Carácter: 1
+ & "C:\Program 
Files\nodejs/node.exe" 
"C:\Program 
Files\nodejs/node_mo 
...
+ ~~~~~~~~~~~~~~~~~~~~~
~~~~~~~~~~~~~~~~~~~~~~~
~~~~~~~~~~~~~~~~~~~~~~~
~~
    + CategoryInfo     
         : NotSpecifi  
  ed: (:String) [],    
 RemoteException
    + FullyQualifiedEr 
   rorId : NativeComm  
  andError
 
> Build error occurred
Error: Turbopack build 
failed with 1 errors:
./components/formatos-t
o/valoracion-ocupaciona
l/Seccion1ObjetivoIdent
ificacion.tsx:5:1
Module not found: 
Can't resolve '@/app/co
mponents/ui/CustomCalen
dar'
[0m [90m 3 |[39m 
[36mimport[39m { [33
mRadioGroup[39m[33m,
[39m [33mRadioGroupIte
m[39m } 
[36mfrom[39m [32m'@/
components/ui/radio-gro
up'[39m[33m;[39m
 [90m 4 |[39m 
[36mimport[39m { 
[33mTextarea[39m } 
[36mfrom[39m [32m'@/
components/ui/textarea'
[39m[33m;[39m
[31m[1m>[22m[39m[9
0m 5 |[39m 
[36mimport[39m { [33
mCustomCalendar[39m } 
[36mfrom[39m [32m'@/
app/components/ui/Custo
mCalendar'[39m[33m;[
39m
 [90m   |[39m [31m[
1m^[22m[39m[31m[1m^
[22m[39m[31m[1m^[2
2m[39m[31m[1m^[22m
[39m[31m[1m^[22m[39
m[31m[1m^[22m[39m[
31m[1m^[22m[39m[31m
[1m^[22m[39m[31m[1
m^[22m[39m[31m[1m^
[22m[39m[31m[1m^[22
m[39m[31m[1m^[22m[
39m[31m[1m^[22m[39m
[31m[1m^[22m[39m[3
1m[1m^[22m[39m[31m
[1m^[22m[39m[31m[1m
^[22m[39m[31m[1m^[
22m[39m[31m[1m^[22m
[39m[31m[1m^[22m[3
9m[31m[1m^[22m[39m
[31m[1m^[22m[39m[31
m[1m^[22m[39m[31m[
1m^[22m[39m[31m[1m^
[22m[39m[31m[1m^[2
2m[39m[31m[1m^[22m
[39m[31m[1m^[22m[39
m[31m[1m^[22m[39m[
31m[1m^[22m[39m[31m
[1m^[22m[39m[31m[1
m^[22m[39m[31m[1m^
[22m[39m[31m[1m^[22
m[39m[31m[1m^[22m[
39m[31m[1m^[22m[39m
[31m[1m^[22m[39m[3
1m[1m^[22m[39m[31m
[1m^[22m[39m[31m[1m
^[22m[39m[31m[1m^[
22m[39m[31m[1m^[22m
[39m[31m[1m^[22m[3
9m[31m[1m^[22m[39m
[31m[1m^[22m[39m[31
m[1m^[22m[39m[31m[
1m^[22m[39m[31m[1m^
[22m[39m[31m[1m^[2
2m[39m[31m[1m^[22m
[39m[31m[1m^[22m[39
m[31m[1m^[22m[39m[
31m[1m^[22m[39m[31m
[1m^[22m[39m[31m[1
m^[22m[39m[31m[1m^
[22m[39m[31m[1m^[22
m[39m[31m[1m^[22m[
39m[31m[1m^[22m[39m
[31m[1m^[22m[39m[3
1m[1m^[22m[39m[31m
[1m^[22m[39m[31m[1m
^[22m[39m[31m[1m^[
22m[39m[31m[1m^[22m
[39m[31m[1m^[22m[3
9m[31m[1m^[22m[39m
[31m[1m^[22m[39m
 [90m 6 |[39m 
[36mimport[39m { [33
mSelect[39m[33m,[39m
 [33mSelectContent[39
m[33m,[39m [33mSelec
tItem[39m[33m,[39m 
[33mSelectTrigger[39m
[33m,[39m 
[33mSelectValue[39m 
} [36mfrom[39m [32m'
@/components/ui/select'
[39m[33m;[39m
 [90m 7 |[39m
 [90m 8 |[39m 
[36minterface[39m [3
3mSeccion1Props[39m 
{[0m

Import map: aliased to 
relative './app/compone
nts/ui/CustomCalendar' 
inside of [project]/


Import traces:
  Client Component 
Browser:
    ./components/format
os-to/valoracion-ocupac
ional/Seccion1ObjetivoI
dentificacion.tsx 
[Client Component 
Browser]
    ./components/format
os-to/valoracion-ocupac
ional/ValoracionOcupaci
onalWizard.tsx [Client 
Component Browser]
    ./app/dashboard/for
matos-to/valoracion-ocu
pacional/nueva/page.tsx
 [Client Component 
Browser]
    ./app/dashboard/for
matos-to/valoracion-ocu
pacional/nueva/page.tsx
 [Server Component]

  Client Component SSR:
    ./components/format
os-to/valoracion-ocupac
ional/Seccion1ObjetivoI
dentificacion.tsx 
[Client Component SSR]
    ./components/format
os-to/valoracion-ocupac
ional/ValoracionOcupaci
onalWizard.tsx [Client 
Component SSR]
    ./app/dashboard/for
matos-to/valoracion-ocu
pacional/nueva/page.tsx
 [Client Component SSR]
    ./app/dashboard/for
matos-to/valoracion-ocu
pacional/nueva/page.tsx
 [Server Component]

https://nextjs.org/docs
/messages/module-not-fo
und


    at <unknown> (./com
ponents/formatos-to/val
oracion-ocupacional/Sec
cion1ObjetivoIdentifica
cion.tsx:5:1)
    at <unknown> (https
://nextjs.org/docs/mess
ages/module-not-found)
